--------- beginning of main
02-19 01:12:13.235   780   780 I AmbientService: [dafa5b0] No auto-resume Activity.
02-19 01:12:13.240   780   780 W DefaultSettingsContentR: Value for ambient_low_bit_enabled not stored as number. Attempting parse as boolean.
02-19 01:12:13.245   780   780 I AmbientService: [dafa5b0] Not going to default activity for auto-resume expiry; activity supports ambient
--------- beginning of system
02-19 01:12:13.246   780   780 W Looper  : Slow dispatch took 108ms main h=android.os.Handler c=android.app.AlarmManager$ListenerWrapper@dfd5681 m=0
02-19 01:12:14.206   780   849 I PowerManagerService: Waking up from sleep (uid=1000 reason=android.policy:KEY)...
02-19 01:12:14.207   780   780 W UsageStatsService: Event reported without a package name
02-19 01:12:14.215   780   804 I DisplayPowerController: Blocking screen on until initial contents have been drawn.
02-19 01:12:14.217  1981  1981 W ViewRootImpl[HomeActivity2]: Dropping event due to no window focus: MotionEvent { action=ACTION_HOVER_ENTER, actionButton=0, id[0]=0, x[0]=196.0, y[0]=183.0, toolType[0]=TOOL_TYPE_FINGER, buttonState=0, metaState=0, flags=0x0, edgeFlags=0x0, pointerCount=1, historySize=0, eventTime=372530, downTime=348856, deviceId=3, source=0x1002 }
02-19 01:12:14.217  1981  1981 W ViewRootImpl[HomeActivity2]: Dropping event due to no window focus: MotionEvent { action=ACTION_HOVER_ENTER, actionButton=0, id[0]=0, x[0]=196.0, y[0]=183.0, toolType[0]=TOOL_TYPE_FINGER, buttonState=0, metaState=0, flags=0x0, edgeFlags=0x0, pointerCount=1, historySize=0, eventTime=372530, downTime=348856, deviceId=3, source=0x1002 }
02-19 01:12:14.227  1981  1981 W ViewRootImpl[HomeActivity2]: Dropping event due to no window focus: MotionEvent { action=ACTION_HOVER_MOVE, actionButton=0, id[0]=0, x[0]=196.0, y[0]=183.0, toolType[0]=TOOL_TYPE_FINGER, buttonState=0, metaState=0, flags=0x0, edgeFlags=0x0, pointerCount=1, historySize=1, eventTime=372530, downTime=348856, deviceId=3, source=0x1002 }
02-19 01:12:14.227  1981  1981 W ViewRootImpl[HomeActivity2]: Cancelling event due to no window focus: MotionEvent { action=ACTION_CANCEL, actionButton=0, id[0]=0, x[0]=196.0, y[0]=183.0, toolType[0]=TOOL_TYPE_FINGER, buttonState=0, metaState=0, flags=0x0, edgeFlags=0x0, pointerCount=1, historySize=0, eventTime=372530, downTime=348856, deviceId=3, source=0x1002 }
02-19 01:12:14.227  1981  1981 I chatty  : uid=10017(com.google.android.wearable.app) identical 2 lines
02-19 01:12:14.227  1981  1981 W ViewRootImpl[HomeActivity2]: Cancelling event due to no window focus: MotionEvent { action=ACTION_CANCEL, actionButton=0, id[0]=0, x[0]=196.0, y[0]=183.0, toolType[0]=TOOL_TYPE_FINGER, buttonState=0, metaState=0, flags=0x0, edgeFlags=0x0, pointerCount=1, historySize=0, eventTime=372530, downTime=348856, deviceId=3, source=0x1002 }
02-19 01:12:14.227  1981  1981 W ViewRootImpl[HomeActivity2]: Dropping event due to no window focus: MotionEvent { action=ACTION_DOWN, actionButton=0, id[0]=0, x[0]=196.0, y[0]=183.0, toolType[0]=TOOL_TYPE_FINGER, buttonState=0, metaState=0, flags=0x0, edgeFlags=0x0, pointerCount=1, historySize=0, eventTime=372530, downTime=372530, deviceId=3, source=0x1002 }
02-19 01:12:14.227  1981  1981 W ViewRootImpl[HomeActivity2]: Cancelling event due to no window focus: MotionEvent { action=ACTION_CANCEL, actionButton=0, id[0]=0, x[0]=196.0, y[0]=183.0, toolType[0]=TOOL_TYPE_FINGER, buttonState=0, metaState=0, flags=0x0, edgeFlags=0x0, pointerCount=1, historySize=0, eventTime=372530, downTime=372530, deviceId=3, source=0x1002 }
02-19 01:12:14.228  1981  1981 I chatty  : uid=10017(com.google.android.wearable.app) identical 2 lines
02-19 01:12:14.228  1981  1981 W ViewRootImpl[HomeActivity2]: Cancelling event due to no window focus: MotionEvent { action=ACTION_CANCEL, actionButton=0, id[0]=0, x[0]=196.0, y[0]=183.0, toolType[0]=TOOL_TYPE_FINGER, buttonState=0, metaState=0, flags=0x0, edgeFlags=0x0, pointerCount=1, historySize=0, eventTime=372530, downTime=372530, deviceId=3, source=0x1002 }
02-19 01:12:14.266  1981  1981 W ProxyAndroidLoggerBackend: Too many Flogger logs received before configuration. Dropping old logs.
02-19 01:12:14.268   551   551 D SurfaceFlinger: Set power mode=2, type=0 flinger=0xb2836000
02-19 01:12:14.273   521   521 I SDM     : DisplayBase::SetDisplayState: Set state = 1, display 0
02-19 01:12:14.282   780   794 W BroadcastQueue: Background execution not allowed: receiving Intent { act=android.intent.action.USER_PRESENT flg=0x10 } to com.google.android.gms/.auth.setup.devicesignals.LockScreenReceiver
02-19 01:12:14.286  1187  1187 D NfcService: BroadcastReceiver - SCREEN_STATE_ON_UNLOCKED
02-19 01:12:14.287  1187  1187 D NfcService: NfcServiceHandler - handleMessage(MSG_APPLY_SCREEN_STATE)
02-19 01:12:14.287  1187  1187 D NfcDiscoveryParameters: Builder.build(): mTechMask: 0
02-19 01:12:14.287  1187  1187 D NfcDiscoveryParameters: mEnableReader: false
02-19 01:12:14.287  1187  1187 D NfcDiscoveryParameters: mEnableHostRouting: true
02-19 01:12:14.287  1187  1187 D NfcDiscoveryParameters: mEnableP2p: false
02-19 01:12:14.287  1187  1187 D NfcDiscoveryParameters: mEnableCeSCreenOff: true
02-19 01:12:14.287  1187  1187 D NfcDiscoveryParameters: mEnableSERouting: false
02-19 01:12:14.287  1187  1187 D NfcDiscoveryParameters: shouldEnableCeScreenOff() mEnableCeSCreenOff: true
02-19 01:12:14.289   902   902 I WearInputMethodService: WearInputMethodService.onFinishInput():1975 
02-19 01:12:14.289   902   902 I WearInputMethodService: WearInputMethodService.onStartInput():1638 
02-19 01:12:14.290  1981  2102 W ProxyAndroidLoggerBackend: Too many Flogger logs received before configuration. Dropping old logs.
02-19 01:12:14.294   780   794 W BroadcastQueue: Background execution not allowed: receiving Intent { act=android.intent.action.USER_PRESENT flg=0x10 } to com.google.android.gms/.chimera.GmsIntentOperationService$PersistentTrustedReceiver
02-19 01:12:14.299   780   849 I InputReader: Reconfiguring input devices.  changes=0x00000004
02-19 01:12:14.303   512   872 D audio_hw_primary: adev_set_parameters: enter: screen_state=on
02-19 01:12:14.303   512   872 D audio_hw_extn: audio_extn_set_anc_parameters: anc_enabled:0
02-19 01:12:14.303   512   872 D audio_hw_spkr_prot: audio_extn_fbsp_set_parameters: Speaker protection disabled
02-19 01:12:14.305   780   802 I DisplayManagerService: Display device changed state: "Built-in Screen", ON
02-19 01:12:14.310   902   902 I DeviceStatusMonitor: DeviceStatusMonitor$1.onReceive():57 onReceive() : Action = android.intent.action.SCREEN_ON
02-19 01:12:14.310   902   902 I DeviceStatusMonitor: DeviceStatusMonitor.updateCountryInfo():117 updateCountryInfo(), notifyAnyway = false
02-19 01:12:14.312   780   780 I WearPower: [WearTouchMediator] changing touch input to enabled (ON_AUTO)
02-19 01:12:14.313   780   849 I InputReader: Reconfiguring input devices.  changes=0x00000200
02-19 01:12:14.316  1187  1187 D NfcService: BroadcastReceiver - SCREEN_STATE_ON_UNLOCKED
02-19 01:12:14.316  1187  1187 D NfcService: NfcServiceHandler - handleMessage(MSG_APPLY_SCREEN_STATE)
02-19 01:12:14.317  1187  1187 D NfcDiscoveryParameters: Builder.build(): mTechMask: 0
02-19 01:12:14.317  1187  1187 D NfcDiscoveryParameters: mEnableReader: false
02-19 01:12:14.317  1187  1187 D NfcDiscoveryParameters: mEnableHostRouting: true
02-19 01:12:14.317  1187  1187 D NfcDiscoveryParameters: mEnableP2p: false
02-19 01:12:14.317  1187  1187 D NfcDiscoveryParameters: mEnableCeSCreenOff: true
02-19 01:12:14.317  1187  1187 D NfcDiscoveryParameters: mEnableSERouting: false
02-19 01:12:14.317  1187  1187 D NfcDiscoveryParameters: shouldEnableCeScreenOff() mEnableCeSCreenOff: true
02-19 01:12:14.326   780   849 I InputReader: Reconfiguring input devices.  changes=0x00000004
02-19 01:12:14.326   780   804 I DisplayPowerController: Unblocked screen on after 111 ms
02-19 01:12:14.343  1809  1809 I BndSvcConfigHelper: No bound-service is registered for action: com.google.android.gms.auth.cryptauth.cryptauthservice.START
02-19 01:12:14.343  1809  1809 I BoundBrokerSvc: Bound service not available for: Intent { act=com.google.android.gms.auth.cryptauth.cryptauthservice.START pkg=com.google.android.gms }
02-19 01:12:14.343  1809  1809 I ChimeraSrvcProxy: com.google.android.gms.chimera.GmsBoundBrokerService returning NullBinder for action com.google.android.gms.auth.cryptauth.cryptauthservice.START
02-19 01:12:14.355  1981  1981 D WatchStreamManager: Promised rank-blocked=true @ r#11107
02-19 01:12:14.358  1809  1934 I ChimeraSrvcProxy: NullBinder for com.google.android.gms.auth.cryptauth.cryptauthservice.START throwing RemoteException due to Service without Chimera impl
02-19 01:12:14.358  1981  1981 D WatchStreamManager: Promised rank-blocked=true @ r#11108
02-19 01:12:14.359  1981  1981 D WatchStreamManager: Promised rank-blocked=true @ r#11109
02-19 01:12:14.359  1809  1934 W GmsClient: IGmsServiceBroker.getService failed
02-19 01:12:14.359  1809  1934 W GmsClient: android.os.RemoteException: Service without Chimera impl
02-19 01:12:14.359  1809  1934 W GmsClient: 	at clx.onTransact(:com.google.android.gms@211816087@21.18.16 (050304-374723149):2)
02-19 01:12:14.359  1809  1934 W GmsClient: 	at android.os.Binder.transact(Binder.java:667)
02-19 01:12:14.359  1809  1934 W GmsClient: 	at izh.b(:com.google.android.gms@211816087@21.18.16 (050304-374723149):5)
02-19 01:12:14.359  1809  1934 W GmsClient: 	at ixl.s(:com.google.android.gms@211816087@21.18.16 (050304-374723149):13)
02-19 01:12:14.359  1809  1934 W GmsClient: 	at iis.run(:com.google.android.gms@211816087@21.18.16 (050304-374723149):6)
02-19 01:12:14.359  1809  1934 W GmsClient: 	at android.os.Handler.handleCallback(Handler.java:873)
02-19 01:12:14.359  1809  1934 W GmsClient: 	at android.os.Handler.dispatchMessage(Handler.java:99)
02-19 01:12:14.359  1809  1934 W GmsClient: 	at olo.gK(:com.google.android.gms@211816087@21.18.16 (050304-374723149):0)
02-19 01:12:14.359  1809  1934 W GmsClient: 	at olo.dispatchMessage(:com.google.android.gms@211816087@21.18.16 (050304-374723149):10)
02-19 01:12:14.359  1809  1934 W GmsClient: 	at android.os.Looper.loop(Looper.java:193)
02-19 01:12:14.359  1809  1934 W GmsClient: 	at android.os.HandlerThread.run(HandlerThread.java:65)
02-19 01:12:14.361  1981  2101 W ProxyAndroidLoggerBackend: Too many Flogger logs received before configuration. Dropping old logs.
02-19 01:12:14.362  1981  2101 W ProxyAndroidLoggerBackend: Too many Flogger logs received before configuration. Dropping old logs.
02-19 01:12:14.363   780   780 D WristGestureCtrl: Starting: GesturesEnabled-false UngazeEnabled-true
02-19 01:12:14.363   780   780 D DefaultUngazeDetector: starting
02-19 01:12:14.363   780   780 D DefaultUngazeDetector: startUngazeStateEstimation(). startTime = 433731
02-19 01:12:14.363   780   780 W AlarmManager: Unrecognized alarm listener com.google.android.wearable.ambient.AlarmManagerProxy$OnAlarmListenerAdapter@d631f16
02-19 01:12:14.363   780   780 W DefaultSettingsContentR: Value for ambient_low_bit_enabled not stored as number. Attempting parse as boolean.
02-19 01:12:14.732   551   551 D SurfaceFlinger: Finished set power mode=2, type=0
02-19 01:12:14.733   780   884 D SurfaceControl: Excessive delay in setPowerMode()
02-19 01:12:14.735   780   804 W PowerManagerService: Screen on took 531 ms
02-19 01:12:15.756   780   849 D WindowManager: interceptKeyTq keycode=26 interactive=true keyguardActive=false policyFlags=22000000
02-19 01:12:15.875   780   849 D WindowManager: interceptKeyTq keycode=26 interactive=true keyguardActive=false policyFlags=22000000
02-19 01:12:16.177   780   795 D WindowManager: powerPress: eventTime=374081 interactive=true count=1 beganFromNonInteractive=false mShortPressOnPowerBehavior=5
02-19 01:12:16.177   780   795 I WindowManager: power button intercepted
02-19 01:12:16.177   780   795 D WindowManager: requiresConfirmation? false mFocusedActivity: com.google.android.wearable.app/com.google.android.clockwork.home2.activity.HomeActivity2
02-19 01:12:16.182   780   795 I ActivityManager: START u0 {act=android.intent.action.MAIN cat=[android.intent.category.HOME] flg=0x10200000 cmp=com.google.android.wearable.app/com.google.android.clockwork.home2.activity.HomeActivity2 (has extras)} from uid 1000
02-19 01:12:16.195  1981  2102 W ProxyAndroidLoggerBackend: Too many Flogger logs received before configuration. Dropping old logs.
02-19 01:12:16.201   780  1953 I ActivityManager: START u0 {act=android.intent.action.MAIN cat=[android.intent.category.INFO] flg=0x4800000 pkg=com.mobvoi.wear.launcher.aw cmp=com.mobvoi.wear.launcher.aw/com.mobvoi.wear.launcher.home.MainActivity (has extras)} from uid 10017
02-19 01:12:16.230  1981  2101 W ProxyAndroidLoggerBackend: Too many Flogger logs received before configuration. Dropping old logs.
02-19 01:12:16.232  1938  1938 W ActivityThread: handleWindowVisibility: no activity for token android.os.BinderProxy@96a4b67
02-19 01:12:16.245   780   849 I InputReader: Reconfiguring input devices.  changes=0x00000004
02-19 01:12:16.253   780   794 W BroadcastQueue: Background execution not allowed: receiving Intent { act=android.os.UpdateLock.UPDATE_LOCK_CHANGED flg=0x4000010 (has extras) } to com.google.android.gms/.chimera.GmsIntentOperationService$PersistentTrustedReceiver
02-19 01:12:16.264   780   791 E WindowManager: App trying to use insecure INPUT_FEATURE_NO_INPUT_CHANNEL flag. Ignoring
02-19 01:12:16.317   902   902 I WearInputMethodService: WearInputMethodService.onBindInput():842 
02-19 01:12:16.317   902   902 I WearInputMethodService: WearInputMethodService.onFinishInput():1975 
02-19 01:12:16.318   902   902 I WearInputMethodService: WearInputMethodService.onStartInput():1638 
02-19 01:12:16.321   780   802 I ActivityManager: Displayed com.mobvoi.wear.launcher.aw/com.mobvoi.wear.launcher.home.MainActivity: +82ms (total +30s837ms)
02-19 01:12:19.645  1798  3393 E memtrack: Couldn't load memtrack module
02-19 01:12:19.645  1798  3393 W android.os.Debug: failed to get memory consumption info: -1
02-19 01:12:19.772  1798  3393 E memtrack: Couldn't load memtrack module
02-19 01:12:19.772  1798  3393 W android.os.Debug: failed to get memory consumption info: -1
02-19 01:12:19.792   593   694 E storaged: getDiskStats failed with result NOT_SUPPORTED and size 0
02-19 01:12:21.210   780   791 I ActivityManager: START u0 {act=android.intent.action.MAIN cat=[android.intent.category.LAUNCHER] flg=0x10200000 cmp=com.example.stressguard/.MainActivity} from uid 10055
02-19 01:12:21.274   780   834 W View    : View not hardware-accelerated. Unable to observe frame stats
02-19 01:12:21.278   780   796 I ActivityManager: Start proc 3998:com.example.stressguard/u0a63 for activity com.example.stressguard/.MainActivity
02-19 01:12:21.291  3998  3998 I ple.stressguar: Late-enabling -Xcheck:jni
02-19 01:12:21.608  3998  3998 W ple.stressguar: Accessing hidden field Landroid/os/Trace;->TRACE_TAG_APP:J (light greylist, reflection)
02-19 01:12:21.608  3998  3998 W ple.stressguar: Accessing hidden method Landroid/os/Trace;->isTagEnabled(J)Z (light greylist, reflection)
02-19 01:12:21.663  3998  3998 D AppCompatDelegate: Checking for metadata for AppLocalesMetadataHolderService : Service not found
02-19 01:12:21.750  3998  3998 D AndroidRuntime: Shutting down VM
--------- beginning of crash
02-19 01:12:21.756  3998  3998 E AndroidRuntime: FATAL EXCEPTION: main
02-19 01:12:21.756  3998  3998 E AndroidRuntime: Process: com.example.stressguard, PID: 3998
02-19 01:12:21.756  3998  3998 E AndroidRuntime: java.lang.RuntimeException: Unable to start activity ComponentInfo{com.example.stressguard/com.example.stressguard.MainActivity}: java.lang.IllegalStateException: You need to use a Theme.AppCompat theme (or descendant) with this activity.
02-19 01:12:21.756  3998  3998 E AndroidRuntime: 	at android.app.ActivityThread.performLaunchActivity(ActivityThread.java:2914)
02-19 01:12:21.756  3998  3998 E AndroidRuntime: 	at android.app.ActivityThread.handleLaunchActivity(ActivityThread.java:3049)
02-19 01:12:21.756  3998  3998 E AndroidRuntime: 	at android.app.servertransaction.LaunchActivityItem.execute(LaunchActivityItem.java:78)
02-19 01:12:21.756  3998  3998 E AndroidRuntime: 	at android.app.servertransaction.TransactionExecutor.executeCallbacks(TransactionExecutor.java:108)
02-19 01:12:21.756  3998  3998 E AndroidRuntime: 	at android.app.servertransaction.TransactionExecutor.execute(TransactionExecutor.java:68)
02-19 01:12:21.756  3998  3998 E AndroidRuntime: 	at android.app.ActivityThread$H.handleMessage(ActivityThread.java:1809)
02-19 01:12:21.756  3998  3998 E AndroidRuntime: 	at android.os.Handler.dispatchMessage(Handler.java:106)
02-19 01:12:21.756  3998  3998 E AndroidRuntime: 	at android.os.Looper.loop(Looper.java:193)
02-19 01:12:21.756  3998  3998 E AndroidRuntime: 	at android.app.ActivityThread.main(ActivityThread.java:6680)
02-19 01:12:21.756  3998  3998 E AndroidRuntime: 	at java.lang.reflect.Method.invoke(Native Method)
02-19 01:12:21.756  3998  3998 E AndroidRuntime: 	at com.android.internal.os.RuntimeInit$MethodAndArgsCaller.run(RuntimeInit.java:493)
02-19 01:12:21.756  3998  3998 E AndroidRuntime: 	at com.android.internal.os.ZygoteInit.main(ZygoteInit.java:858)
02-19 01:12:21.756  3998  3998 E AndroidRuntime: Caused by: java.lang.IllegalStateException: You need to use a Theme.AppCompat theme (or descendant) with this activity.
02-19 01:12:21.756  3998  3998 E AndroidRuntime: 	at androidx.appcompat.app.AppCompatDelegateImpl.createSubDecor(AppCompatDelegateImpl.java:926)
02-19 01:12:21.756  3998  3998 E AndroidRuntime: 	at androidx.appcompat.app.AppCompatDelegateImpl.ensureSubDecor(AppCompatDelegateImpl.java:889)
02-19 01:12:21.756  3998  3998 E AndroidRuntime: 	at androidx.appcompat.app.AppCompatDelegateImpl.setContentView(AppCompatDelegateImpl.java:772)
02-19 01:12:21.756  3998  3998 E AndroidRuntime: 	at androidx.appcompat.app.AppCompatActivity.setContentView(AppCompatActivity.java:197)
02-19 01:12:21.756  3998  3998 E AndroidRuntime: 	at com.example.stressguard.MainActivity.onCreate(MainActivity.kt:34)
02-19 01:12:21.756  3998  3998 E AndroidRuntime: 	at android.app.Activity.performCreate(Activity.java:7144)
02-19 01:12:21.756  3998  3998 E AndroidRuntime: 	at android.app.Activity.performCreate(Activity.java:7135)
02-19 01:12:21.756  3998  3998 E AndroidRuntime: 	at android.app.Instrumentation.callActivityOnCreate(Instrumentation.java:1271)
02-19 01:12:21.756  3998  3998 E AndroidRuntime: 	at android.app.ActivityThread.performLaunchActivity(ActivityThread.java:2894)
02-19 01:12:21.756  3998  3998 E AndroidRuntime: 	... 11 more
02-19 01:12:21.764   780   791 W ActivityManager:   Force finishing activity com.example.stressguard/.MainActivity
02-19 01:12:21.770  3998  3998 I Process : Sending signal. PID: 3998 SIG: 9
02-19 01:12:21.782   780   794 W BroadcastQueue: Background execution not allowed: receiving Intent { act=android.intent.action.DROPBOX_ENTRY_ADDED flg=0x10 (has extras) } to com.google.android.gms/.stats.service.DropBoxEntryAddedReceiver
02-19 01:12:21.783   780   794 W BroadcastQueue: Background execution not allowed: receiving Intent { act=android.intent.action.DROPBOX_ENTRY_ADDED flg=0x10 (has extras) } to com.google.android.gms/.chimera.GmsIntentOperationService$PersistentTrustedReceiver
02-19 01:12:21.847   780   901 I ActivityManager: Process com.example.stressguard (pid 3998) has died: vis  TOP 
02-19 01:12:21.847   780   797 W libprocessgroup: kill(-3998, 9) failed: No such process
02-19 01:12:21.847   780   797 I libprocessgroup: Successfully killed process cgroup uid 10063 pid 3998 in 0ms
02-19 01:12:21.849   455   455 I Zygote  : Process 3998 exited due to signal (9)
02-19 01:12:21.857   551   641 W SurfaceFlinger: Attempting to set client state on removed layer: Splash Screen com.example.stressguard#0
02-19 01:12:21.857   551   641 W SurfaceFlinger: Attempting to destroy on removed layer: Splash Screen com.example.stressguard#0
02-19 01:12:21.869   551  1695 W SurfaceFlinger: Attempting to destroy on removed layer: AppWindowToken{e8753a4 token=Token{b273237 ActivityRecord{9c5f336 u0 com.example.stressguard/.MainActivity t135}}}#0
02-19 01:12:21.902   780   834 W WindowManager: Failed looking up window callers=com.android.server.wm.WindowManagerService.windowForClientLocked:5525 com.android.server.wm.WindowManagerService.removeWindow:1654 com.android.server.wm.Session.remove:228 
02-19 01:12:23.196   780   983 I ActivityManager: START u0 {act=android.intent.action.MAIN cat=[android.intent.category.LAUNCHER] flg=0x10200000 cmp=com.example.stressguard/.MainActivity} from uid 10055
02-19 01:12:23.259   780   834 W View    : View not hardware-accelerated. Unable to observe frame stats
02-19 01:12:23.261   780   796 I ActivityManager: Start proc 4018:com.example.stressguard/u0a63 for activity com.example.stressguard/.MainActivity
02-19 01:12:23.271  4018  4018 I ple.stressguar: Late-enabling -Xcheck:jni
02-19 01:12:23.498  4018  4018 W ple.stressguar: Accessing hidden field Landroid/os/Trace;->TRACE_TAG_APP:J (light greylist, reflection)
02-19 01:12:23.499  4018  4018 W ple.stressguar: Accessing hidden method Landroid/os/Trace;->isTagEnabled(J)Z (light greylist, reflection)
02-19 01:12:23.552  4018  4018 D AppCompatDelegate: Checking for metadata for AppLocalesMetadataHolderService : Service not found
02-19 01:12:23.616  4018  4018 D AndroidRuntime: Shutting down VM
02-19 01:12:23.621  4018  4018 E AndroidRuntime: FATAL EXCEPTION: main
02-19 01:12:23.621  4018  4018 E AndroidRuntime: Process: com.example.stressguard, PID: 4018
02-19 01:12:23.621  4018  4018 E AndroidRuntime: java.lang.RuntimeException: Unable to start activity ComponentInfo{com.example.stressguard/com.example.stressguard.MainActivity}: java.lang.IllegalStateException: You need to use a Theme.AppCompat theme (or descendant) with this activity.
02-19 01:12:23.621  4018  4018 E AndroidRuntime: 	at android.app.ActivityThread.performLaunchActivity(ActivityThread.java:2914)
02-19 01:12:23.621  4018  4018 E AndroidRuntime: 	at android.app.ActivityThread.handleLaunchActivity(ActivityThread.java:3049)
02-19 01:12:23.621  4018  4018 E AndroidRuntime: 	at android.app.servertransaction.LaunchActivityItem.execute(LaunchActivityItem.java:78)
02-19 01:12:23.621  4018  4018 E AndroidRuntime: 	at android.app.servertransaction.TransactionExecutor.executeCallbacks(TransactionExecutor.java:108)
02-19 01:12:23.621  4018  4018 E AndroidRuntime: 	at android.app.servertransaction.TransactionExecutor.execute(TransactionExecutor.java:68)
02-19 01:12:23.621  4018  4018 E AndroidRuntime: 	at android.app.ActivityThread$H.handleMessage(ActivityThread.java:1809)
02-19 01:12:23.621  4018  4018 E AndroidRuntime: 	at android.os.Handler.dispatchMessage(Handler.java:106)
02-19 01:12:23.621  4018  4018 E AndroidRuntime: 	at android.os.Looper.loop(Looper.java:193)
02-19 01:12:23.621  4018  4018 E AndroidRuntime: 	at android.app.ActivityThread.main(ActivityThread.java:6680)
02-19 01:12:23.621  4018  4018 E AndroidRuntime: 	at java.lang.reflect.Method.invoke(Native Method)
02-19 01:12:23.621  4018  4018 E AndroidRuntime: 	at com.android.internal.os.RuntimeInit$MethodAndArgsCaller.run(RuntimeInit.java:493)
02-19 01:12:23.621  4018  4018 E AndroidRuntime: 	at com.android.internal.os.ZygoteInit.main(ZygoteInit.java:858)
02-19 01:12:23.621  4018  4018 E AndroidRuntime: Caused by: java.lang.IllegalStateException: You need to use a Theme.AppCompat theme (or descendant) with this activity.
02-19 01:12:23.621  4018  4018 E AndroidRuntime: 	at androidx.appcompat.app.AppCompatDelegateImpl.createSubDecor(AppCompatDelegateImpl.java:926)
02-19 01:12:23.621  4018  4018 E AndroidRuntime: 	at androidx.appcompat.app.AppCompatDelegateImpl.ensureSubDecor(AppCompatDelegateImpl.java:889)
02-19 01:12:23.621  4018  4018 E AndroidRuntime: 	at androidx.appcompat.app.AppCompatDelegateImpl.setContentView(AppCompatDelegateImpl.java:772)
02-19 01:12:23.621  4018  4018 E AndroidRuntime: 	at androidx.appcompat.app.AppCompatActivity.setContentView(AppCompatActivity.java:197)
02-19 01:12:23.621  4018  4018 E AndroidRuntime: 	at com.example.stressguard.MainActivity.onCreate(MainActivity.kt:34)
02-19 01:12:23.621  4018  4018 E AndroidRuntime: 	at android.app.Activity.performCreate(Activity.java:7144)
02-19 01:12:23.621  4018  4018 E AndroidRuntime: 	at android.app.Activity.performCreate(Activity.java:7135)
02-19 01:12:23.621  4018  4018 E AndroidRuntime: 	at android.app.Instrumentation.callActivityOnCreate(Instrumentation.java:1271)
02-19 01:12:23.621  4018  4018 E AndroidRuntime: 	at android.app.ActivityThread.performLaunchActivity(ActivityThread.java:2894)
02-19 01:12:23.621  4018  4018 E AndroidRuntime: 	... 11 more
02-19 01:12:23.634   780  1953 W ActivityManager:   Force finishing activity com.example.stressguard/.MainActivity
02-19 01:12:23.640  4018  4018 I Process : Sending signal. PID: 4018 SIG: 9
02-19 01:12:23.641   780   794 W BroadcastQueue: Background execution not allowed: receiving Intent { act=android.intent.action.DROPBOX_ENTRY_ADDED flg=0x10 (has extras) } to com.google.android.gms/.stats.service.DropBoxEntryAddedReceiver
02-19 01:12:23.642   780   794 W BroadcastQueue: Background execution not allowed: receiving Intent { act=android.intent.action.DROPBOX_ENTRY_ADDED flg=0x10 (has extras) } to com.google.android.gms/.chimera.GmsIntentOperationService$PersistentTrustedReceiver
02-19 01:12:23.687   780   791 I ActivityManager: Process com.example.stressguard (pid 4018) has died: vis  TOP 
02-19 01:12:23.687   780   797 W libprocessgroup: kill(-4018, 9) failed: No such process
02-19 01:12:23.689   455   455 I Zygote  : Process 4018 exited due to signal (9)
02-19 01:12:23.706   551   641 W SurfaceFlinger: Attempting to destroy on removed layer: AppWindowToken{ae2506e token=Token{b145be9 ActivityRecord{53fcc70 u0 com.example.stressguard/.MainActivity t136}}}#0
02-19 01:12:23.727   780   797 W libprocessgroup: kill(-4018, 9) failed: No such process
02-19 01:12:23.727   780   797 I libprocessgroup: Successfully killed process cgroup uid 10063 pid 4018 in 39ms
02-19 01:12:23.740   780   834 W WindowManager: Failed looking up window callers=com.android.server.wm.WindowManagerService.windowForClientLocked:5525 com.android.server.wm.WindowManagerService.removeWindow:1654 com.android.server.wm.Session.remove:228 
02-19 01:12:24.271  1981  2102 W ProxyAndroidLoggerBackend: Too many Flogger logs received before configuration. Dropping old logs.
02-19 01:12:25.298   780   885 E TaskPersister: File error accessing recents directory (directory doesn't exist?).
02-19 01:12:27.059   780   791 I ActivityManager: START u0 {act=android.intent.action.MAIN cat=[android.intent.category.LAUNCHER] flg=0x10200000 cmp=com.example.stressguard/.MainActivity} from uid 10055
02-19 01:12:27.122   780   796 I ActivityManager: Start proc 4037:com.example.stressguard/u0a63 for activity com.example.stressguard/.MainActivity
02-19 01:12:27.125   780   834 W View    : View not hardware-accelerated. Unable to observe frame stats
02-19 01:12:27.130  4037  4037 I ple.stressguar: Late-enabling -Xcheck:jni
02-19 01:12:27.322  4037  4037 W ple.stressguar: Accessing hidden field Landroid/os/Trace;->TRACE_TAG_APP:J (light greylist, reflection)
02-19 01:12:27.322  4037  4037 W ple.stressguar: Accessing hidden method Landroid/os/Trace;->isTagEnabled(J)Z (light greylist, reflection)
02-19 01:12:27.375  4037  4037 D AppCompatDelegate: Checking for metadata for AppLocalesMetadataHolderService : Service not found
02-19 01:12:27.439  4037  4037 D AndroidRuntime: Shutting down VM
02-19 01:12:27.444  4037  4037 E AndroidRuntime: FATAL EXCEPTION: main
02-19 01:12:27.444  4037  4037 E AndroidRuntime: Process: com.example.stressguard, PID: 4037
02-19 01:12:27.444  4037  4037 E AndroidRuntime: java.lang.RuntimeException: Unable to start activity ComponentInfo{com.example.stressguard/com.example.stressguard.MainActivity}: java.lang.IllegalStateException: You need to use a Theme.AppCompat theme (or descendant) with this activity.
02-19 01:12:27.444  4037  4037 E AndroidRuntime: 	at android.app.ActivityThread.performLaunchActivity(ActivityThread.java:2914)
02-19 01:12:27.444  4037  4037 E AndroidRuntime: 	at android.app.ActivityThread.handleLaunchActivity(ActivityThread.java:3049)
02-19 01:12:27.444  4037  4037 E AndroidRuntime: 	at android.app.servertransaction.LaunchActivityItem.execute(LaunchActivityItem.java:78)
02-19 01:12:27.444  4037  4037 E AndroidRuntime: 	at android.app.servertransaction.TransactionExecutor.executeCallbacks(TransactionExecutor.java:108)
02-19 01:12:27.444  4037  4037 E AndroidRuntime: 	at android.app.servertransaction.TransactionExecutor.execute(TransactionExecutor.java:68)
02-19 01:12:27.444  4037  4037 E AndroidRuntime: 	at android.app.ActivityThread$H.handleMessage(ActivityThread.java:1809)
02-19 01:12:27.444  4037  4037 E AndroidRuntime: 	at android.os.Handler.dispatchMessage(Handler.java:106)
02-19 01:12:27.444  4037  4037 E AndroidRuntime: 	at android.os.Looper.loop(Looper.java:193)
02-19 01:12:27.444  4037  4037 E AndroidRuntime: 	at android.app.ActivityThread.main(ActivityThread.java:6680)
02-19 01:12:27.444  4037  4037 E AndroidRuntime: 	at java.lang.reflect.Method.invoke(Native Method)
02-19 01:12:27.444  4037  4037 E AndroidRuntime: 	at com.android.internal.os.RuntimeInit$MethodAndArgsCaller.run(RuntimeInit.java:493)
02-19 01:12:27.444  4037  4037 E AndroidRuntime: 	at com.android.internal.os.ZygoteInit.main(ZygoteInit.java:858)
02-19 01:12:27.444  4037  4037 E AndroidRuntime: Caused by: java.lang.IllegalStateException: You need to use a Theme.AppCompat theme (or descendant) with this activity.
02-19 01:12:27.444  4037  4037 E AndroidRuntime: 	at androidx.appcompat.app.AppCompatDelegateImpl.createSubDecor(AppCompatDelegateImpl.java:926)
02-19 01:12:27.444  4037  4037 E AndroidRuntime: 	at androidx.appcompat.app.AppCompatDelegateImpl.ensureSubDecor(AppCompatDelegateImpl.java:889)
02-19 01:12:27.444  4037  4037 E AndroidRuntime: 	at androidx.appcompat.app.AppCompatDelegateImpl.setContentView(AppCompatDelegateImpl.java:772)
02-19 01:12:27.444  4037  4037 E AndroidRuntime: 	at androidx.appcompat.app.AppCompatActivity.setContentView(AppCompatActivity.java:197)
02-19 01:12:27.444  4037  4037 E AndroidRuntime: 	at com.example.stressguard.MainActivity.onCreate(MainActivity.kt:34)
02-19 01:12:27.444  4037  4037 E AndroidRuntime: 	at android.app.Activity.performCreate(Activity.java:7144)
02-19 01:12:27.444  4037  4037 E AndroidRuntime: 	at android.app.Activity.performCreate(Activity.java:7135)
02-19 01:12:27.444  4037  4037 E AndroidRuntime: 	at android.app.Instrumentation.callActivityOnCreate(Instrumentation.java:1271)
02-19 01:12:27.444  4037  4037 E AndroidRuntime: 	at android.app.ActivityThread.performLaunchActivity(ActivityThread.java:2894)
02-19 01:12:27.444  4037  4037 E AndroidRuntime: 	... 11 more
02-19 01:12:27.453   780  1615 W ActivityManager:   Force finishing activity com.example.stressguard/.MainActivity
02-19 01:12:27.460  4037  4037 I Process : Sending signal. PID: 4037 SIG: 9
02-19 01:12:27.472   780   794 W BroadcastQueue: Background execution not allowed: receiving Intent { act=android.intent.action.DROPBOX_ENTRY_ADDED flg=0x10 (has extras) } to com.google.android.gms/.stats.service.DropBoxEntryAddedReceiver
02-19 01:12:27.472   780   794 W BroadcastQueue: Background execution not allowed: receiving Intent { act=android.intent.action.DROPBOX_ENTRY_ADDED flg=0x10 (has extras) } to com.google.android.gms/.chimera.GmsIntentOperationService$PersistentTrustedReceiver
02-19 01:12:27.536   780   791 I ActivityManager: Process com.example.stressguard (pid 4037) has died: vis  TOP 
02-19 01:12:27.537   455   455 I Zygote  : Process 4037 exited due to signal (9)
02-19 01:12:27.538   780   797 W libprocessgroup: kill(-4037, 9) failed: No such process
02-19 01:12:27.538   780   797 I libprocessgroup: Successfully killed process cgroup uid 10063 pid 4037 in 0ms
02-19 01:12:27.545   551   641 W SurfaceFlinger: Attempting to set client state on removed layer: Splash Screen com.example.stressguard#0
02-19 01:12:27.545   551   641 W SurfaceFlinger: Attempting to destroy on removed layer: Splash Screen com.example.stressguard#0
02-19 01:12:27.554   551  1695 W SurfaceFlinger: Attempting to destroy on removed layer: AppWindowToken{e7a210b token=Token{9eec8da ActivityRecord{b970285 u0 com.example.stressguard/.MainActivity t137}}}#0
02-19 01:12:27.587   780   834 W WindowManager: Failed looking up window callers=com.android.server.wm.WindowManagerService.windowForClientLocked:5525 com.android.server.wm.WindowManagerService.removeWindow:1654 com.android.server.wm.Session.remove:228 
02-19 01:12:30.657   780   885 E TaskPersister: File error accessing recents directory (directory doesn't exist?).
